Pytest: 676 passed
